   1              		.file	"aic.c"
   2              		.section	.text.AICInit,"ax",%progbits
   3              		.align	2
   4              		.global	AICInit
   6              	AICInit:
   7              		@ args = 0, pretend = 0, frame = 0
   8              		@ frame_needed = 0, uses_anonymous_args = 0
   9              		@ link register save eliminated.
  10 0000 08309FE5 		ldr	r3, .L3
  11 0004 0020E0E3 		mvn	r2, #0
  12              		@ lr needed for prologue
  13 0008 242183E5 		str	r2, [r3, #292]
  14 000c 1EFF2FE1 		bx	lr
  15              	.L4:
  16              		.align	2
  17              	.L3:
  18 0010 00F0FFFF 		.word	-4096
  20              		.section	.text.AICInterruptEnable,"ax",%progbits
  21              		.align	2
  22              		.global	AICInterruptEnable
  24              	AICInterruptEnable:
  25              		@ args = 0, pretend = 0, frame = 0
  26              		@ frame_needed = 0, uses_anonymous_args = 0
  27              		@ link register save eliminated.
  28 0000 0130A0E3 		mov	r3, #1
  29 0004 1330A0E1 		mov	r3, r3, asl r0
  30 0008 14209FE5 		ldr	r2, .L7
  31 000c 00C1A0E1 		mov	ip, r0, asl #2
  32 0010 203182E5 		str	r3, [r2, #288]
  33 0014 0730A0E3 		mov	r3, #7
  34 0018 003182E7 		str	r3, [r2, r0, asl #2]
  35              		@ lr needed for prologue
  36 001c 801F0CE5 		str	r1, [ip, #-3968]
  37 0020 1EFF2FE1 		bx	lr
  38              	.L8:
  39              		.align	2
  40              	.L7:
  41 0024 00F0FFFF 		.word	-4096
  43              		.section	.text.AICInterruptDisable,"ax",%progbits
  44              		.align	2
  45              		.global	AICInterruptDisable
  47              	AICInterruptDisable:
  48              		@ args = 0, pretend = 0, frame = 0
  49              		@ frame_needed = 0, uses_anonymous_args = 0
  50              		@ link register save eliminated.
  51 0000 0130A0E3 		mov	r3, #1
  52 0004 1330A0E1 		mov	r3, r3, asl r0
  53 0008 04209FE5 		ldr	r2, .L11
  54              		@ lr needed for prologue
  55 000c 243182E5 		str	r3, [r2, #292]
  56 0010 1EFF2FE1 		bx	lr
  57              	.L12:
  58              		.align	2
  59              	.L11:
  60 0014 00F0FFFF 		.word	-4096
  62              		.ident	"GCC: (GNU) 4.0.2"
DEFINED SYMBOLS
                            *ABS*:00000000 aic.c
     /tmp/cc98F9ne.s:6      .text.AICInit:00000000 AICInit
     /tmp/cc98F9ne.s:10     .text.AICInit:00000000 $a
     /tmp/cc98F9ne.s:18     .text.AICInit:00000010 $d
     /tmp/cc98F9ne.s:24     .text.AICInterruptEnable:00000000 AICInterruptEnable
     /tmp/cc98F9ne.s:28     .text.AICInterruptEnable:00000000 $a
     /tmp/cc98F9ne.s:41     .text.AICInterruptEnable:00000024 $d
     /tmp/cc98F9ne.s:47     .text.AICInterruptDisable:00000000 AICInterruptDisable
     /tmp/cc98F9ne.s:51     .text.AICInterruptDisable:00000000 $a
     /tmp/cc98F9ne.s:60     .text.AICInterruptDisable:00000014 $d

NO UNDEFINED SYMBOLS
