Archive member included because of file (symbol)

/home/michath/Github/playlego/toolchain/arm/bin/../lib/libgcc.a(_udivsi3.o)
                              display.o (__udivsi3)
/home/michath/Github/playlego/toolchain/arm/bin/../lib/libgcc.a(_divsi3.o)
                              display.o (__divsi3)
/home/michath/Github/playlego/toolchain/arm/bin/../lib/libgcc.a(_umodsi3.o)
                              display.o (__umodsi3)
/home/michath/Github/playlego/toolchain/arm/bin/../lib/libgcc.a(_dvmd_tls.o)
                              /home/michath/Github/playlego/toolchain/arm/bin/../lib/libgcc.a(_udivsi3.o) (__div0)

Memory Configuration

Name             Origin             Length             Attributes
CODE             0x00100000         0x00008000         xr
CODE2            0x00108000         0x00001000         xr
DATA             0x00200000         0x00010000         xrw
*default*        0x00000000         0xffffffff

Linker script and memory map

LOAD Cstartup.o
LOAD sound.o
LOAD display.o
LOAD pit.o
LOAD aic.o
LOAD Cstartup_SAM7.o
LOAD led.o
LOAD firmware.o
LOAD /home/michath/Github/playlego/toolchain/arm/bin/../lib/libgcc.a
LOAD /home/michath/Github/playlego/toolchain/arm/bin/../lib/libc.a
LOAD /home/michath/Github/playlego/toolchain/arm/bin/../lib/libgcc.a
                0x00200000                __FIRST_IN_RAM = 0x200000
                0x00210000                __TOP_STACK = 0x210000
                0x00100000                . = 0x100000

.text           0x00100000      0xeb4
 *(.vectorg)
                0x00100000                . = ALIGN (0x4)
 *(.init)
 .init          0x00100000      0x138 Cstartup.o
                0x00100000                _startup
                0x00100100                exit
 *(.text .text.*)
 .text.DisplayInit
                0x00100138      0x140 display.o
                0x00100138                DisplayInit
 .text.DisplayOn
                0x00100278       0x2c display.o
                0x00100278                DisplayOn
 .text.DisplayWrite
                0x001002a4       0x68 display.o
                0x001002a4                DisplayWrite
 .text.DisplayUpdateAsync
                0x0010030c       0xec display.o
                0x0010030c                DisplayUpdateAsync
 .text.DisplayUpdateSync
                0x001003f8       0x14 display.o
                0x001003f8                DisplayUpdateSync
 .text.DisplaySetPixel
                0x0010040c       0x44 display.o
                0x0010040c                DisplaySetPixel
 .text.DisplayClrPixel
                0x00100450       0x44 display.o
                0x00100450                DisplayClrPixel
 .text.DisplayChar
                0x00100494       0xfc display.o
                0x00100494                DisplayChar
 .text.DisplayNum
                0x00100590       0xc0 display.o
                0x00100590                DisplayNum
 .text.DisplayPrintTime
                0x00100650      0x104 display.o
                0x00100650                DisplayPrintTime
 .text.DisplayPrintTimeBusy
                0x00100754       0x84 display.o
                0x00100754                DisplayPrintTimeBusy
 .text.PITInterruptEnable
                0x001007d8       0x24 pit.o
                0x001007d8                PITInterruptEnable
 .text.AICInit  0x001007fc       0x14 aic.o
                0x001007fc                AICInit
 .text.AICInterruptEnable
                0x00100810       0x28 aic.o
                0x00100810                AICInterruptEnable
 .text.AT91F_LowLevelInit
                0x00100838       0xe8 Cstartup_SAM7.o
                0x00100838                AT91F_LowLevelInit
 .text.main     0x00100920       0x2c firmware.o
                0x00100920                main
 .text          0x0010094c      0x110 /home/michath/Github/playlego/toolchain/arm/bin/../lib/libgcc.a(_udivsi3.o)
                0x0010094c                __udivsi3
                0x00100a44                __aeabi_uidivmod
 .text          0x00100a5c      0x140 /home/michath/Github/playlego/toolchain/arm/bin/../lib/libgcc.a(_divsi3.o)
                0x00100a5c                __divsi3
                0x00100b84                __aeabi_idivmod
 .text          0x00100b9c       0xcc /home/michath/Github/playlego/toolchain/arm/bin/../lib/libgcc.a(_umodsi3.o)
                0x00100b9c                __umodsi3
 .text          0x00100c68        0x4 /home/michath/Github/playlego/toolchain/arm/bin/../lib/libgcc.a(_dvmd_tls.o)
                0x00100c68                __aeabi_ldiv0
                0x00100c68                __div0
                0x00100c68                __aeabi_idiv0
 *(.gnu.linkonce.t.*)
 *(.glue_7)
 *(.glue_7t)
 *(.gcc_except_table)
 *(.rodata)
 *(.rodata.*)
 .rodata.Font   0x00100c6c      0x248 display.o
                0x00100c6c                Font
 *(.gnu.linkonce.r.*)
                0x00100eb4                . = ALIGN (0x4)
                0x00100eb4                . = ALIGN (0x4)

.ctors          0x00100eb4        0x0
                0x00100eb4                PROVIDE (__ctors_start__, .)
 *(SORT(.ctors.*))
 *(.ctors)
                0x00100eb4                PROVIDE (__ctors_end__, .)

.dtors          0x00100eb4        0x0
                0x00100eb4                PROVIDE (__dtors_start__, .)
 *(SORT(.dtors.*))
 *(.dtors)
                0x00100eb4                PROVIDE (__dtors_end__, .)
                0x00100eb4                . = ALIGN (0x4)

.text2          0x00108000        0x0
 *(.text2)
                0x00108000                . = ALIGN (0x4)
                0x00108000                . = ALIGN (0x4)
                0x00108000                _etext = .
                0x00108000                PROVIDE (etext, .)

.data           0x00200000       0xec load address 0x00108000
                0x00200000                _data = .
 *(.vectmapped)
 .vectmapped    0x00200000       0x6c Cstartup.o
                0x0020006c                . = ALIGN (0x4)
 *(.fastrun .fastrun.*)
 .fastrun       0x0020006c       0x58 Cstartup.o
                0x0020006c                IRQ_Handler_Entry
                0x002000b4                AT91F_Default_FIQ_handler
                0x002000b8                AT91F_Default_IRQ_handler
                0x002000bc                AT91F_Spurious_handler
                0x002000c4                . = ALIGN (0x4)
                0x002000c4                . = ALIGN (0x4)
 *(.data)
 *(.data.*)
 .data.DisplayLineString
                0x002000c4       0x18 display.o
                0x002000c4                DisplayLineString
 .data.DisplayInitString
                0x002000dc        0xe display.o
                0x002000dc                DisplayInitString
 *(.gnu.linkonce.d.*)
                0x002000ec                . = ALIGN (0x4)
 *fill*         0x002000ea        0x2 00
                0x002000ec                . = ALIGN (0x4)
                0x002000ec                _edata = .
                0x002000ec                PROVIDE (edata, .)

.bss            0x002000ec      0x338
                0x002000ec                __bss_start = .
                0x002000ec                __bss_start__ = .
 *(.bss)
 *(.bss.*)
 .bss.hh        0x002000ec        0x4 display.o
                0x002000ec                hh
 .bss.mm        0x002000f0        0x4 display.o
                0x002000f0                mm
 .bss.ss        0x002000f4        0x4 display.o
                0x002000f4                ss
 .bss.Line.1729
                0x002000f8        0x2 display.o
 .bss.State.1728
                0x002000fa        0x2 display.o
 .bss.i.1932    0x002000fc        0x1 display.o
 .bss.digits.1931
                0x002000fd        0x1 display.o
 *fill*         0x002000fe        0x2 00
 .bss.IOMapDisplay
                0x00200100      0x324 display.o
 *(.gnu.linkonce.b.*)
 *(COMMON)
                0x00200424                . = ALIGN (0x4)
                0x00200424                . = ALIGN (0x4)
                0x00200424                __bss_end__ = .
                0x00200424                _end = .
                0x00200424                PROVIDE (end, .)

.stab
 *(.stab)

.stabstr
 *(.stabstr)

.stab.excl
 *(.stab.excl)

.stab.exclstr
 *(.stab.exclstr)

.stab.index
 *(.stab.index)

.stab.indexstr
 *(.stab.indexstr)

.comment        0x00000000       0x7e
 *(.comment)
 .comment       0x00000000       0x12 sound.o
 .comment       0x00000012       0x12 display.o
 .comment       0x00000024       0x12 pit.o
 .comment       0x00000036       0x12 aic.o
 .comment       0x00000048       0x12 Cstartup_SAM7.o
 .comment       0x0000005a       0x12 led.o
 .comment       0x0000006c       0x12 firmware.o

.debug
 *(.debug)

.line
 *(.line)

.debug_srcinfo
 *(.debug_srcinfo)

.debug_sfnames
 *(.debug_sfnames)

.debug_aranges  0x00000000       0xb0
 *(.debug_aranges)
 .debug_aranges
                0x00000000       0x30 Cstartup.o
 .debug_aranges
                0x00000030       0x20 /home/michath/Github/playlego/toolchain/arm/bin/../lib/libgcc.a(_udivsi3.o)
 .debug_aranges
                0x00000050       0x20 /home/michath/Github/playlego/toolchain/arm/bin/../lib/libgcc.a(_divsi3.o)
 .debug_aranges
                0x00000070       0x20 /home/michath/Github/playlego/toolchain/arm/bin/../lib/libgcc.a(_umodsi3.o)
 .debug_aranges
                0x00000090       0x20 /home/michath/Github/playlego/toolchain/arm/bin/../lib/libgcc.a(_dvmd_tls.o)

.debug_pubnames
 *(.debug_pubnames)

.debug_info     0x00000000      0x295
 *(.debug_info .gnu.linkonce.wi.*)
 .debug_info    0x00000000       0x51 Cstartup.o
 .debug_info    0x00000051       0x91 /home/michath/Github/playlego/toolchain/arm/bin/../lib/libgcc.a(_udivsi3.o)
 .debug_info    0x000000e2       0x91 /home/michath/Github/playlego/toolchain/arm/bin/../lib/libgcc.a(_divsi3.o)
 .debug_info    0x00000173       0x91 /home/michath/Github/playlego/toolchain/arm/bin/../lib/libgcc.a(_umodsi3.o)
 .debug_info    0x00000204       0x91 /home/michath/Github/playlego/toolchain/arm/bin/../lib/libgcc.a(_dvmd_tls.o)

.debug_abbrev   0x00000000       0x60
 *(.debug_abbrev)
 .debug_abbrev  0x00000000       0x10 Cstartup.o
 .debug_abbrev  0x00000010       0x14 /home/michath/Github/playlego/toolchain/arm/bin/../lib/libgcc.a(_udivsi3.o)
 .debug_abbrev  0x00000024       0x14 /home/michath/Github/playlego/toolchain/arm/bin/../lib/libgcc.a(_divsi3.o)
 .debug_abbrev  0x00000038       0x14 /home/michath/Github/playlego/toolchain/arm/bin/../lib/libgcc.a(_umodsi3.o)
 .debug_abbrev  0x0000004c       0x14 /home/michath/Github/playlego/toolchain/arm/bin/../lib/libgcc.a(_dvmd_tls.o)

.debug_line     0x00000000      0x2ac
 *(.debug_line)
 .debug_line    0x00000000       0xcb Cstartup.o
 .debug_line    0x000000cb       0x86 /home/michath/Github/playlego/toolchain/arm/bin/../lib/libgcc.a(_udivsi3.o)
 .debug_line    0x00000151       0x92 /home/michath/Github/playlego/toolchain/arm/bin/../lib/libgcc.a(_divsi3.o)
 .debug_line    0x000001e3       0x6f /home/michath/Github/playlego/toolchain/arm/bin/../lib/libgcc.a(_umodsi3.o)
 .debug_line    0x00000252       0x5a /home/michath/Github/playlego/toolchain/arm/bin/../lib/libgcc.a(_dvmd_tls.o)

.debug_frame
 *(.debug_frame)

.debug_str
 *(.debug_str)

.debug_loc
 *(.debug_loc)

.debug_macinfo
 *(.debug_macinfo)

.debug_weaknames
 *(.debug_weaknames)

.debug_funcnames
 *(.debug_funcnames)

.debug_typenames
 *(.debug_typenames)

.debug_varnames
 *(.debug_varnames)
OUTPUT(firmware.elf elf32-littlearm)

Cross Reference Table

Symbol                                            File
AICInit                                           aic.o
                                                  firmware.o
AICInterruptDisable                               aic.o
AICInterruptEnable                                aic.o
                                                  pit.o
AT91F_Default_FIQ_handler                         Cstartup.o
                                                  Cstartup_SAM7.o
AT91F_Default_IRQ_handler                         Cstartup.o
                                                  Cstartup_SAM7.o
AT91F_LowLevelInit                                Cstartup_SAM7.o
                                                  Cstartup.o
AT91F_Spurious_handler                            Cstartup.o
                                                  Cstartup_SAM7.o
DisplayChar                                       display.o
DisplayClrPixel                                   display.o
DisplayErase                                      display.o
DisplayEraseLine                                  display.o
DisplayExit                                       display.o
DisplayInit                                       display.o
                                                  firmware.o
DisplayInitString                                 display.o
DisplayLineString                                 display.o
DisplayLineX                                      display.o
DisplayLineY                                      display.o
DisplayNum                                        display.o
DisplayOn                                         display.o
                                                  firmware.o
DisplayPrintTime                                  display.o
DisplayPrintTimeBusy                              display.o
                                                  firmware.o
DisplaySetPixel                                   display.o
DisplayString                                     display.o
DisplayUpdateAsync                                display.o
DisplayUpdateSync                                 display.o
DisplayWrite                                      display.o
Font                                              display.o
IRQ_Handler_Entry                                 Cstartup.o
I_BIT                                             Cstartup.o
LED                                               led.o
PITDisable                                        pit.o
PITEnable                                         pit.o
PITInterruptDisable                               pit.o
PITInterruptEnable                                pit.o
                                                  firmware.o
PITRead                                           pit.o
PITReadReset                                      pit.o
PITTicks2ms                                       pit.o
PITTicks2s                                        pit.o
SoundDisable                                      sound.o
SoundEnable                                       sound.o
SoundInit                                         sound.o
SoundIntDisable                                   sound.o
SoundSync                                         sound.o
__FIRST_IN_RAM                                    Cstartup.o
__TOP_STACK                                       Cstartup.o
__aeabi_idiv0                                     /home/michath/Github/playlego/toolchain/arm/bin/../lib/libgcc.a(_dvmd_tls.o)
__aeabi_idivmod                                   /home/michath/Github/playlego/toolchain/arm/bin/../lib/libgcc.a(_divsi3.o)
__aeabi_ldiv0                                     /home/michath/Github/playlego/toolchain/arm/bin/../lib/libgcc.a(_dvmd_tls.o)
__aeabi_uidivmod                                  /home/michath/Github/playlego/toolchain/arm/bin/../lib/libgcc.a(_udivsi3.o)
__bss_end__                                       Cstartup.o
__bss_start__                                     Cstartup.o
__ctors_end__                                     Cstartup.o
__ctors_start__                                   Cstartup.o
__div0                                            /home/michath/Github/playlego/toolchain/arm/bin/../lib/libgcc.a(_dvmd_tls.o)
                                                  /home/michath/Github/playlego/toolchain/arm/bin/../lib/libgcc.a(_umodsi3.o)
                                                  /home/michath/Github/playlego/toolchain/arm/bin/../lib/libgcc.a(_divsi3.o)
                                                  /home/michath/Github/playlego/toolchain/arm/bin/../lib/libgcc.a(_udivsi3.o)
__divsi3                                          /home/michath/Github/playlego/toolchain/arm/bin/../lib/libgcc.a(_divsi3.o)
                                                  display.o
__udivsi3                                         /home/michath/Github/playlego/toolchain/arm/bin/../lib/libgcc.a(_udivsi3.o)
                                                  pit.o
                                                  display.o
__umodsi3                                         /home/michath/Github/playlego/toolchain/arm/bin/../lib/libgcc.a(_umodsi3.o)
                                                  display.o
_data                                             Cstartup.o
_edata                                            Cstartup.o
_etext                                            Cstartup.o
_startup                                          Cstartup.o
exit                                              Cstartup.o
hh                                                display.o
main                                              firmware.o
                                                  Cstartup.o
mm                                                display.o
spindelayms                                       pit.o
ss                                                display.o
