Archive member included because of file (symbol)

/home/michath/Github/playlego/toolchain/arm/bin/../lib/libgcc.a(_divsi3.o)
                              display.o (__divsi3)
/home/michath/Github/playlego/toolchain/arm/bin/../lib/libgcc.a(_umodsi3.o)
                              display.o (__umodsi3)
/home/michath/Github/playlego/toolchain/arm/bin/../lib/libgcc.a(_dvmd_tls.o)
                              /home/michath/Github/playlego/toolchain/arm/bin/../lib/libgcc.a(_divsi3.o) (__div0)
/home/michath/Github/playlego/toolchain/arm/bin/../lib/libc.a(malloc.o)
                              firmware.o (malloc)
/home/michath/Github/playlego/toolchain/arm/bin/../lib/libc.a(mallocr.o)
                              /home/michath/Github/playlego/toolchain/arm/bin/../lib/libc.a(malloc.o) (_malloc_r)
/home/michath/Github/playlego/toolchain/arm/bin/../lib/libc.a(mlock.o)
                              /home/michath/Github/playlego/toolchain/arm/bin/../lib/libc.a(mallocr.o) (__malloc_lock)
/home/michath/Github/playlego/toolchain/arm/bin/../lib/libc.a(sbrkr.o)
                              /home/michath/Github/playlego/toolchain/arm/bin/../lib/libc.a(mallocr.o) (_sbrk_r)
/home/michath/Github/playlego/toolchain/arm/bin/../lib/libc.a(syscalls.o)
                              /home/michath/Github/playlego/toolchain/arm/bin/../lib/libc.a(sbrkr.o) (_sbrk)
/home/michath/Github/playlego/toolchain/arm/bin/../lib/libc.a(errno.o)
                              /home/michath/Github/playlego/toolchain/arm/bin/../lib/libc.a(syscalls.o) (__errno)
/home/michath/Github/playlego/toolchain/arm/bin/../lib/libc.a(findfp.o)
                              /home/michath/Github/playlego/toolchain/arm/bin/../lib/libc.a(syscalls.o) (__sinit)
/home/michath/Github/playlego/toolchain/arm/bin/../lib/libc.a(freer.o)
                              /home/michath/Github/playlego/toolchain/arm/bin/../lib/libc.a(malloc.o) (_free_r)
/home/michath/Github/playlego/toolchain/arm/bin/../lib/libc.a(fwalk.o)
                              /home/michath/Github/playlego/toolchain/arm/bin/../lib/libc.a(findfp.o) (_fwalk)
/home/michath/Github/playlego/toolchain/arm/bin/../lib/libc.a(impure.o)
                              /home/michath/Github/playlego/toolchain/arm/bin/../lib/libc.a(findfp.o) (_global_impure_ptr)
/home/michath/Github/playlego/toolchain/arm/bin/../lib/libc.a(memset.o)
                              /home/michath/Github/playlego/toolchain/arm/bin/../lib/libc.a(syscalls.o) (memset)
/home/michath/Github/playlego/toolchain/arm/bin/../lib/libc.a(reent.o)
                              /home/michath/Github/playlego/toolchain/arm/bin/../lib/libc.a(sbrkr.o) (errno)
/home/michath/Github/playlego/toolchain/arm/bin/../lib/libc.a(stdio.o)
                              /home/michath/Github/playlego/toolchain/arm/bin/../lib/libc.a(findfp.o) (__sread)
/home/michath/Github/playlego/toolchain/arm/bin/../lib/libc.a(strlen.o)
                              /home/michath/Github/playlego/toolchain/arm/bin/../lib/libc.a(syscalls.o) (strlen)
/home/michath/Github/playlego/toolchain/arm/bin/../lib/libc.a(writer.o)
                              /home/michath/Github/playlego/toolchain/arm/bin/../lib/libc.a(stdio.o) (_write_r)
/home/michath/Github/playlego/toolchain/arm/bin/../lib/libc.a(closer.o)
                              /home/michath/Github/playlego/toolchain/arm/bin/../lib/libc.a(stdio.o) (_close_r)
/home/michath/Github/playlego/toolchain/arm/bin/../lib/libc.a(fclose.o)
                              /home/michath/Github/playlego/toolchain/arm/bin/../lib/libc.a(findfp.o) (fclose)
/home/michath/Github/playlego/toolchain/arm/bin/../lib/libc.a(fflush.o)
                              /home/michath/Github/playlego/toolchain/arm/bin/../lib/libc.a(fclose.o) (fflush)
/home/michath/Github/playlego/toolchain/arm/bin/../lib/libc.a(lseekr.o)
                              /home/michath/Github/playlego/toolchain/arm/bin/../lib/libc.a(stdio.o) (_lseek_r)
/home/michath/Github/playlego/toolchain/arm/bin/../lib/libc.a(readr.o)
                              /home/michath/Github/playlego/toolchain/arm/bin/../lib/libc.a(stdio.o) (_read_r)

Allocating common symbols
Common symbol       size              file

errno               0x4               /home/michath/Github/playlego/toolchain/arm/bin/../lib/libc.a(reent.o)

Memory Configuration

Name             Origin             Length             Attributes
CODE             0x00100000         0x00008000         xr
CODE2            0x00108000         0x00001000         xr
DATA             0x00200000         0x00010000         xrw
*default*        0x00000000         0xffffffff

Linker script and memory map

LOAD Cstartup.o
LOAD display.o
LOAD Cstartup_SAM7.o
LOAD led.o
LOAD firmware.o
LOAD /home/michath/Github/playlego/toolchain/arm/bin/../lib/libgcc.a
LOAD /home/michath/Github/playlego/toolchain/arm/bin/../lib/libc.a
LOAD /home/michath/Github/playlego/toolchain/arm/bin/../lib/libgcc.a
                0x00200000                __FIRST_IN_RAM = 0x200000
                0x00210000                __TOP_STACK = 0x210000
                0x00100000                . = 0x100000

.text           0x00100000     0x28c8
 *(.vectorg)
                0x00100000                . = ALIGN (0x4)
 *(.init)
 .init          0x00100000      0x138 Cstartup.o
                0x00100000                _startup
                0x00100100                exit
 *(.text .text.*)
 .text.DisplayInit
                0x00100138      0x140 display.o
                0x00100138                DisplayInit
 .text.DisplayOn
                0x00100278       0x2c display.o
                0x00100278                DisplayOn
 .text.DisplayWrite
                0x001002a4       0x68 display.o
                0x001002a4                DisplayWrite
 .text.DisplayUpdateAsync
                0x0010030c       0xec display.o
                0x0010030c                DisplayUpdateAsync
 .text.DisplayUpdateSync
                0x001003f8       0x14 display.o
                0x001003f8                DisplayUpdateSync
 .text.DisplaySetPixel
                0x0010040c       0x44 display.o
                0x0010040c                DisplaySetPixel
 .text.DisplayClrPixel
                0x00100450       0x44 display.o
                0x00100450                DisplayClrPixel
 .text.DisplayEraseLine
                0x00100494       0x38 display.o
                0x00100494                DisplayEraseLine
 .text.DisplayErase
                0x001004cc       0x20 display.o
                0x001004cc                DisplayErase
 .text.DisplayChar
                0x001004ec       0xfc display.o
                0x001004ec                DisplayChar
 .text.DisplayNum
                0x001005e8       0xc0 display.o
                0x001005e8                DisplayNum
 .text.DisplayString
                0x001006a8       0x9c display.o
                0x001006a8                DisplayString
 .text.AT91F_LowLevelInit
                0x00100744       0xe8 Cstartup_SAM7.o
                0x00100744                AT91F_LowLevelInit
 .text.emulate_time
                0x0010082c       0x40 firmware.o
                0x0010082c                emulate_time
 .text.hello_world
                0x0010086c       0x74 firmware.o
                0x0010086c                hello_world
 .text.main     0x001008e0       0x10 firmware.o
                0x001008e0                main
 .text          0x001008f0      0x140 /home/michath/Github/playlego/toolchain/arm/bin/../lib/libgcc.a(_divsi3.o)
                0x001008f0                __divsi3
                0x00100a18                __aeabi_idivmod
 .text          0x00100a30       0xcc /home/michath/Github/playlego/toolchain/arm/bin/../lib/libgcc.a(_umodsi3.o)
                0x00100a30                __umodsi3
 .text          0x00100afc        0x4 /home/michath/Github/playlego/toolchain/arm/bin/../lib/libgcc.a(_dvmd_tls.o)
                0x00100afc                __aeabi_ldiv0
                0x00100afc                __div0
                0x00100afc                __aeabi_idiv0
 .text          0x00100b00       0x28 /home/michath/Github/playlego/toolchain/arm/bin/../lib/libc.a(malloc.o)
                0x00100b00                malloc
                0x00100b14                free
 .text          0x00100b28      0x784 /home/michath/Github/playlego/toolchain/arm/bin/../lib/libc.a(mallocr.o)
                0x00100b28                _malloc_r
 .text          0x001012ac        0x8 /home/michath/Github/playlego/toolchain/arm/bin/../lib/libc.a(mlock.o)
                0x001012b0                __malloc_unlock
                0x001012ac                __malloc_lock
 .text          0x001012b4       0x38 /home/michath/Github/playlego/toolchain/arm/bin/../lib/libc.a(sbrkr.o)
                0x001012b4                _sbrk_r
 .text          0x001012ec      0x70c /home/michath/Github/playlego/toolchain/arm/bin/../lib/libc.a(syscalls.o)
                0x00101398                _getpid
                0x001014b4                initialise_monitor_handles
                0x00101474                isatty
                0x001013f4                _fstat
                0x0010181c                _open
                0x001013a0                _sbrk
                0x00101434                _raise
                0x00101438                _times
                0x0010183c                _stat
                0x00101764                _lseek
                0x00101424                _link
                0x0010168c                _swiwrite
                0x0010149c                _rename
                0x001015ac                _swilseek
                0x001016c8                _swiclose
                0x00101774                _swiopen
                0x0010142c                _unlink
                0x0010188c                _write
                0x00101988                _kill
                0x001019b0                _gettimeofday
                0x001018fc                _read
                0x00101964                _exit
                0x0010147c                _system
                0x00101570                _swiread
                0x00101754                _close
 .text          0x001019f8       0x10 /home/michath/Github/playlego/toolchain/arm/bin/../lib/libc.a(errno.o)
                0x001019f8                __errno
 .text          0x00101a08      0x274 /home/michath/Github/playlego/toolchain/arm/bin/../lib/libc.a(findfp.o)
                0x00101adc                __sinit
                0x00101a64                __sfmoreglue
                0x00101ac4                _cleanup
                0x00101ab8                _cleanup_r
                0x00101c4c                __fp_lock_all
                0x00101ab0                __sfp_lock_acquire
                0x00101b54                __sfp
                0x00101ad8                __sinit_lock_release
                0x00101c64                __fp_unlock_all
                0x00101ab4                __sfp_lock_release
                0x00101ad4                __sinit_lock_acquire
 .text          0x00101c7c      0x394 /home/michath/Github/playlego/toolchain/arm/bin/../lib/libc.a(freer.o)
                0x00101d78                _free_r
                0x00101c7c                _malloc_trim_r
 .text          0x00102010      0x10c /home/michath/Github/playlego/toolchain/arm/bin/../lib/libc.a(fwalk.o)
                0x00102010                _fwalk
                0x00102094                _fwalk_reent
 .text          0x0010211c       0xa0 /home/michath/Github/playlego/toolchain/arm/bin/../lib/libc.a(memset.o)
                0x0010211c                memset
 .text          0x001021bc      0x100 /home/michath/Github/playlego/toolchain/arm/bin/../lib/libc.a(stdio.o)
                0x00102260                __sseek
                0x001021bc                __sread
                0x001022a8                __sclose
                0x00102200                __swrite
 .text          0x001022bc       0xa4 /home/michath/Github/playlego/toolchain/arm/bin/../lib/libc.a(strlen.o)
                0x001022bc                strlen
 .text          0x00102360       0x40 /home/michath/Github/playlego/toolchain/arm/bin/../lib/libc.a(writer.o)
                0x00102360                _write_r
 .text          0x001023a0       0x38 /home/michath/Github/playlego/toolchain/arm/bin/../lib/libc.a(closer.o)
                0x001023a0                _close_r
 .text          0x001023d8      0x128 /home/michath/Github/playlego/toolchain/arm/bin/../lib/libc.a(fclose.o)
                0x001023d8                _fclose_r
                0x001024ec                fclose
 .text          0x00102500       0xe8 /home/michath/Github/playlego/toolchain/arm/bin/../lib/libc.a(fflush.o)
                0x00102500                fflush
 .text          0x001025e8       0x40 /home/michath/Github/playlego/toolchain/arm/bin/../lib/libc.a(lseekr.o)
                0x001025e8                _lseek_r
 .text          0x00102628       0x40 /home/michath/Github/playlego/toolchain/arm/bin/../lib/libc.a(readr.o)
                0x00102628                _read_r
 *(.gnu.linkonce.t.*)
 *(.glue_7)
 *(.glue_7t)
 *(.gcc_except_table)
 *(.rodata)
 .rodata        0x00102668        0x4 /home/michath/Github/playlego/toolchain/arm/bin/../lib/libc.a(impure.o)
                0x00102668                _global_impure_ptr
 *(.rodata.*)
 .rodata.Font   0x0010266c      0x248 display.o
                0x0010266c                Font
 .rodata.str1.4
                0x001028b4        0xc firmware.o
 .rodata.str1.4
                0x001028c0        0x4 /home/michath/Github/playlego/toolchain/arm/bin/../lib/libc.a(syscalls.o)
 .rodata.str1.4
                0x001028c4        0x2 /home/michath/Github/playlego/toolchain/arm/bin/../lib/libc.a(impure.o)
                                  0x4 (size before relaxing)
 *(.gnu.linkonce.r.*)
                0x001028c8                . = ALIGN (0x4)
 *fill*         0x001028c6        0x2 00
                0x001028c8                . = ALIGN (0x4)

.ctors          0x001028c8        0x0
                0x001028c8                PROVIDE (__ctors_start__, .)
 *(SORT(.ctors.*))
 *(.ctors)
                0x001028c8                PROVIDE (__ctors_end__, .)

.dtors          0x001028c8        0x0
                0x001028c8                PROVIDE (__dtors_start__, .)
 *(SORT(.dtors.*))
 *(.dtors)
                0x001028c8                PROVIDE (__dtors_end__, .)
                0x001028c8                . = ALIGN (0x4)

.text2          0x00108000        0x0
 *(.text2)
                0x00108000                . = ALIGN (0x4)
                0x00108000                . = ALIGN (0x4)
                0x00108000                _etext = .
                0x00108000                PROVIDE (etext, .)

.data           0x00200000      0x900 load address 0x00108000
                0x00200000                _data = .
 *(.vectmapped)
 .vectmapped    0x00200000       0x6c Cstartup.o
                0x0020006c                . = ALIGN (0x4)
 *(.fastrun .fastrun.*)
 .fastrun       0x0020006c       0x58 Cstartup.o
                0x0020006c                IRQ_Handler_Entry
                0x002000b4                AT91F_Default_FIQ_handler
                0x002000b8                AT91F_Default_IRQ_handler
                0x002000bc                AT91F_Spurious_handler
                0x002000c4                . = ALIGN (0x4)
                0x002000c4                . = ALIGN (0x4)
 *(.data)
 .data          0x002000c4      0x410 /home/michath/Github/playlego/toolchain/arm/bin/../lib/libc.a(mallocr.o)
                0x002000c4                __malloc_sbrk_base
                0x002000cc                __malloc_av_
                0x002000c8                __malloc_trim_threshold
 .data          0x002004d4      0x404 /home/michath/Github/playlego/toolchain/arm/bin/../lib/libc.a(impure.o)
                0x002008d4                _impure_ptr
 *(.data.*)
 .data.DisplayLineString
                0x002008d8       0x18 display.o
                0x002008d8                DisplayLineString
 .data.DisplayInitString
                0x002008f0        0xe display.o
                0x002008f0                DisplayInitString
 *(.gnu.linkonce.d.*)
                0x00200900                . = ALIGN (0x4)
 *fill*         0x002008fe        0x2 00
                0x00200900                . = ALIGN (0x4)
                0x00200900                _edata = .
                0x00200900                PROVIDE (edata, .)

.bss            0x00200900      0x414
                0x00200900                __bss_start = .
                0x00200900                __bss_start__ = .
 *(.bss)
 .bss           0x00200900       0x34 /home/michath/Github/playlego/toolchain/arm/bin/../lib/libc.a(mallocr.o)
                0x00200930                __malloc_top_pad
                0x0020092c                __malloc_max_sbrked_mem
                0x00200900                __malloc_current_mallinfo
                0x00200928                __malloc_max_total_mem
 .bss           0x00200934       0xb0 /home/michath/Github/playlego/toolchain/arm/bin/../lib/libc.a(syscalls.o)
 *(.bss.*)
 .bss.Line.1703
                0x002009e4        0x2 display.o
 .bss.State.1702
                0x002009e6        0x2 display.o
 .bss.i.1906    0x002009e8        0x1 display.o
 .bss.digits.1905
                0x002009e9        0x1 display.o
 *fill*         0x002009ea        0x2 00
 .bss.IOMapDisplay
                0x002009ec      0x324 display.o
 *(.gnu.linkonce.b.*)
 *(COMMON)
 COMMON         0x00200d10        0x4 /home/michath/Github/playlego/toolchain/arm/bin/../lib/libc.a(reent.o)
                0x00200d10                errno
                0x00200d14                . = ALIGN (0x4)
                0x00200d14                . = ALIGN (0x4)
                0x00200d14                __bss_end__ = .
                0x00200d14                _end = .
                0x00200d14                PROVIDE (end, .)

.stab
 *(.stab)

.stabstr
 *(.stabstr)

.stab.excl
 *(.stab.excl)

.stab.exclstr
 *(.stab.exclstr)

.stab.index
 *(.stab.index)

.stab.indexstr
 *(.stab.indexstr)

.comment        0x00000000      0x1b0
 *(.comment)
 .comment       0x00000000       0x12 display.o
 .comment       0x00000012       0x12 Cstartup_SAM7.o
 .comment       0x00000024       0x12 led.o
 .comment       0x00000036       0x12 firmware.o
 .comment       0x00000048       0x12 /home/michath/Github/playlego/toolchain/arm/bin/../lib/libc.a(malloc.o)
 .comment       0x0000005a       0x12 /home/michath/Github/playlego/toolchain/arm/bin/../lib/libc.a(mallocr.o)
 .comment       0x0000006c       0x12 /home/michath/Github/playlego/toolchain/arm/bin/../lib/libc.a(mlock.o)
 .comment       0x0000007e       0x12 /home/michath/Github/playlego/toolchain/arm/bin/../lib/libc.a(sbrkr.o)
 .comment       0x00000090       0x12 /home/michath/Github/playlego/toolchain/arm/bin/../lib/libc.a(syscalls.o)
 .comment       0x000000a2       0x12 /home/michath/Github/playlego/toolchain/arm/bin/../lib/libc.a(errno.o)
 .comment       0x000000b4       0x12 /home/michath/Github/playlego/toolchain/arm/bin/../lib/libc.a(findfp.o)
 .comment       0x000000c6       0x12 /home/michath/Github/playlego/toolchain/arm/bin/../lib/libc.a(freer.o)
 .comment       0x000000d8       0x12 /home/michath/Github/playlego/toolchain/arm/bin/../lib/libc.a(fwalk.o)
 .comment       0x000000ea       0x12 /home/michath/Github/playlego/toolchain/arm/bin/../lib/libc.a(impure.o)
 .comment       0x000000fc       0x12 /home/michath/Github/playlego/toolchain/arm/bin/../lib/libc.a(memset.o)
 .comment       0x0000010e       0x12 /home/michath/Github/playlego/toolchain/arm/bin/../lib/libc.a(reent.o)
 .comment       0x00000120       0x12 /home/michath/Github/playlego/toolchain/arm/bin/../lib/libc.a(stdio.o)
 .comment       0x00000132       0x12 /home/michath/Github/playlego/toolchain/arm/bin/../lib/libc.a(strlen.o)
 .comment       0x00000144       0x12 /home/michath/Github/playlego/toolchain/arm/bin/../lib/libc.a(writer.o)
 .comment       0x00000156       0x12 /home/michath/Github/playlego/toolchain/arm/bin/../lib/libc.a(closer.o)
 .comment       0x00000168       0x12 /home/michath/Github/playlego/toolchain/arm/bin/../lib/libc.a(fclose.o)
 .comment       0x0000017a       0x12 /home/michath/Github/playlego/toolchain/arm/bin/../lib/libc.a(fflush.o)
 .comment       0x0000018c       0x12 /home/michath/Github/playlego/toolchain/arm/bin/../lib/libc.a(lseekr.o)
 .comment       0x0000019e       0x12 /home/michath/Github/playlego/toolchain/arm/bin/../lib/libc.a(readr.o)

.debug
 *(.debug)

.line
 *(.line)

.debug_srcinfo
 *(.debug_srcinfo)

.debug_sfnames
 *(.debug_sfnames)

.debug_aranges  0x00000000      0x2f0
 *(.debug_aranges)
 .debug_aranges
                0x00000000       0x30 Cstartup.o
 .debug_aranges
                0x00000030       0x20 /home/michath/Github/playlego/toolchain/arm/bin/../lib/libgcc.a(_divsi3.o)
 .debug_aranges
                0x00000050       0x20 /home/michath/Github/playlego/toolchain/arm/bin/../lib/libgcc.a(_umodsi3.o)
 .debug_aranges
                0x00000070       0x20 /home/michath/Github/playlego/toolchain/arm/bin/../lib/libgcc.a(_dvmd_tls.o)
 .debug_aranges
                0x00000090       0x20 /home/michath/Github/playlego/toolchain/arm/bin/../lib/libc.a(malloc.o)
 .debug_aranges
                0x000000b0       0x20 /home/michath/Github/playlego/toolchain/arm/bin/../lib/libc.a(mallocr.o)
 .debug_aranges
                0x000000d0       0x20 /home/michath/Github/playlego/toolchain/arm/bin/../lib/libc.a(mlock.o)
 .debug_aranges
                0x000000f0       0x20 /home/michath/Github/playlego/toolchain/arm/bin/../lib/libc.a(sbrkr.o)
 .debug_aranges
                0x00000110       0x20 /home/michath/Github/playlego/toolchain/arm/bin/../lib/libc.a(syscalls.o)
 .debug_aranges
                0x00000130       0x20 /home/michath/Github/playlego/toolchain/arm/bin/../lib/libc.a(errno.o)
 .debug_aranges
                0x00000150       0x20 /home/michath/Github/playlego/toolchain/arm/bin/../lib/libc.a(findfp.o)
 .debug_aranges
                0x00000170       0x20 /home/michath/Github/playlego/toolchain/arm/bin/../lib/libc.a(freer.o)
 .debug_aranges
                0x00000190       0x20 /home/michath/Github/playlego/toolchain/arm/bin/../lib/libc.a(fwalk.o)
 .debug_aranges
                0x000001b0       0x20 /home/michath/Github/playlego/toolchain/arm/bin/../lib/libc.a(memset.o)
 .debug_aranges
                0x000001d0       0x20 /home/michath/Github/playlego/toolchain/arm/bin/../lib/libc.a(reent.o)
 .debug_aranges
                0x000001f0       0x20 /home/michath/Github/playlego/toolchain/arm/bin/../lib/libc.a(stdio.o)
 .debug_aranges
                0x00000210       0x20 /home/michath/Github/playlego/toolchain/arm/bin/../lib/libc.a(strlen.o)
 .debug_aranges
                0x00000230       0x20 /home/michath/Github/playlego/toolchain/arm/bin/../lib/libc.a(writer.o)
 .debug_aranges
                0x00000250       0x20 /home/michath/Github/playlego/toolchain/arm/bin/../lib/libc.a(closer.o)
 .debug_aranges
                0x00000270       0x20 /home/michath/Github/playlego/toolchain/arm/bin/../lib/libc.a(fclose.o)
 .debug_aranges
                0x00000290       0x20 /home/michath/Github/playlego/toolchain/arm/bin/../lib/libc.a(fflush.o)
 .debug_aranges
                0x000002b0       0x20 /home/michath/Github/playlego/toolchain/arm/bin/../lib/libc.a(lseekr.o)
 .debug_aranges
                0x000002d0       0x20 /home/michath/Github/playlego/toolchain/arm/bin/../lib/libc.a(readr.o)

.debug_pubnames
                0x00000000      0x5b8
 *(.debug_pubnames)
 .debug_pubnames
                0x00000000       0x26 /home/michath/Github/playlego/toolchain/arm/bin/../lib/libc.a(malloc.o)
 .debug_pubnames
                0x00000026       0xce /home/michath/Github/playlego/toolchain/arm/bin/../lib/libc.a(mallocr.o)
 .debug_pubnames
                0x000000f4       0x38 /home/michath/Github/playlego/toolchain/arm/bin/../lib/libc.a(mlock.o)
 .debug_pubnames
                0x0000012c       0x1e /home/michath/Github/playlego/toolchain/arm/bin/../lib/libc.a(sbrkr.o)
 .debug_pubnames
                0x0000014a      0x14a /home/michath/Github/playlego/toolchain/arm/bin/../lib/libc.a(syscalls.o)
 .debug_pubnames
                0x00000294       0x1e /home/michath/Github/playlego/toolchain/arm/bin/../lib/libc.a(errno.o)
 .debug_pubnames
                0x000002b2       0xdb /home/michath/Github/playlego/toolchain/arm/bin/../lib/libc.a(findfp.o)
 .debug_pubnames
                0x0000038d       0x31 /home/michath/Github/playlego/toolchain/arm/bin/../lib/libc.a(freer.o)
 .debug_pubnames
                0x000003be       0x2e /home/michath/Github/playlego/toolchain/arm/bin/../lib/libc.a(fwalk.o)
 .debug_pubnames
                0x000003ec       0x39 /home/michath/Github/playlego/toolchain/arm/bin/../lib/libc.a(impure.o)
 .debug_pubnames
                0x00000425       0x1d /home/michath/Github/playlego/toolchain/arm/bin/../lib/libc.a(memset.o)
 .debug_pubnames
                0x00000442       0x52 /home/michath/Github/playlego/toolchain/arm/bin/../lib/libc.a(reent.o)
 .debug_pubnames
                0x00000494       0x44 /home/michath/Github/playlego/toolchain/arm/bin/../lib/libc.a(stdio.o)
 .debug_pubnames
                0x000004d8       0x1d /home/michath/Github/playlego/toolchain/arm/bin/../lib/libc.a(strlen.o)
 .debug_pubnames
                0x000004f5       0x1f /home/michath/Github/playlego/toolchain/arm/bin/../lib/libc.a(writer.o)
 .debug_pubnames
                0x00000514       0x1f /home/michath/Github/playlego/toolchain/arm/bin/../lib/libc.a(closer.o)
 .debug_pubnames
                0x00000533       0x2b /home/michath/Github/playlego/toolchain/arm/bin/../lib/libc.a(fclose.o)
 .debug_pubnames
                0x0000055e       0x1d /home/michath/Github/playlego/toolchain/arm/bin/../lib/libc.a(fflush.o)
 .debug_pubnames
                0x0000057b       0x1f /home/michath/Github/playlego/toolchain/arm/bin/../lib/libc.a(lseekr.o)
 .debug_pubnames
                0x0000059a       0x1e /home/michath/Github/playlego/toolchain/arm/bin/../lib/libc.a(readr.o)

.debug_info     0x00000000     0xc33a
 *(.debug_info .gnu.linkonce.wi.*)
 .debug_info    0x00000000       0x51 Cstartup.o
 .debug_info    0x00000051       0x91 /home/michath/Github/playlego/toolchain/arm/bin/../lib/libgcc.a(_divsi3.o)
 .debug_info    0x000000e2       0x91 /home/michath/Github/playlego/toolchain/arm/bin/../lib/libgcc.a(_umodsi3.o)
 .debug_info    0x00000173       0x91 /home/michath/Github/playlego/toolchain/arm/bin/../lib/libgcc.a(_dvmd_tls.o)
 .debug_info    0x00000204      0x955 /home/michath/Github/playlego/toolchain/arm/bin/../lib/libc.a(malloc.o)
 .debug_info    0x00000b59      0xcbb /home/michath/Github/playlego/toolchain/arm/bin/../lib/libc.a(mallocr.o)
 .debug_info    0x00001814      0x93e /home/michath/Github/playlego/toolchain/arm/bin/../lib/libc.a(mlock.o)
 .debug_info    0x00002152      0x951 /home/michath/Github/playlego/toolchain/arm/bin/../lib/libc.a(sbrkr.o)
 .debug_info    0x00002aa3     0x158b /home/michath/Github/playlego/toolchain/arm/bin/../lib/libc.a(syscalls.o)
 .debug_info    0x0000402e      0x914 /home/michath/Github/playlego/toolchain/arm/bin/../lib/libc.a(errno.o)
 .debug_info    0x00004942      0xb67 /home/michath/Github/playlego/toolchain/arm/bin/../lib/libc.a(findfp.o)
 .debug_info    0x000054a9      0xbaf /home/michath/Github/playlego/toolchain/arm/bin/../lib/libc.a(freer.o)
 .debug_info    0x00006058      0xad7 /home/michath/Github/playlego/toolchain/arm/bin/../lib/libc.a(fwalk.o)
 .debug_info    0x00006b2f      0x922 /home/michath/Github/playlego/toolchain/arm/bin/../lib/libc.a(impure.o)
 .debug_info    0x00007451      0x10f /home/michath/Github/playlego/toolchain/arm/bin/../lib/libc.a(memset.o)
 .debug_info    0x00007560      0x9fc /home/michath/Github/playlego/toolchain/arm/bin/../lib/libc.a(reent.o)
 .debug_info    0x00007f5c      0xa6e /home/michath/Github/playlego/toolchain/arm/bin/../lib/libc.a(stdio.o)
 .debug_info    0x000089ca       0xd5 /home/michath/Github/playlego/toolchain/arm/bin/../lib/libc.a(strlen.o)
 .debug_info    0x00008a9f      0x980 /home/michath/Github/playlego/toolchain/arm/bin/../lib/libc.a(writer.o)
 .debug_info    0x0000941f      0x945 /home/michath/Github/playlego/toolchain/arm/bin/../lib/libc.a(closer.o)
 .debug_info    0x00009d64      0x980 /home/michath/Github/playlego/toolchain/arm/bin/../lib/libc.a(fclose.o)
 .debug_info    0x0000a6e4      0x973 /home/michath/Github/playlego/toolchain/arm/bin/../lib/libc.a(fflush.o)
 .debug_info    0x0000b057      0x96a /home/michath/Github/playlego/toolchain/arm/bin/../lib/libc.a(lseekr.o)
 .debug_info    0x0000b9c1      0x979 /home/michath/Github/playlego/toolchain/arm/bin/../lib/libc.a(readr.o)

.debug_abbrev   0x00000000     0x2147
 *(.debug_abbrev)
 .debug_abbrev  0x00000000       0x10 Cstartup.o
 .debug_abbrev  0x00000010       0x14 /home/michath/Github/playlego/toolchain/arm/bin/../lib/libgcc.a(_divsi3.o)
 .debug_abbrev  0x00000024       0x14 /home/michath/Github/playlego/toolchain/arm/bin/../lib/libgcc.a(_umodsi3.o)
 .debug_abbrev  0x00000038       0x14 /home/michath/Github/playlego/toolchain/arm/bin/../lib/libgcc.a(_dvmd_tls.o)
 .debug_abbrev  0x0000004c      0x187 /home/michath/Github/playlego/toolchain/arm/bin/../lib/libc.a(malloc.o)
 .debug_abbrev  0x000001d3      0x223 /home/michath/Github/playlego/toolchain/arm/bin/../lib/libc.a(mallocr.o)
 .debug_abbrev  0x000003f6      0x16a /home/michath/Github/playlego/toolchain/arm/bin/../lib/libc.a(mlock.o)
 .debug_abbrev  0x00000560      0x18e /home/michath/Github/playlego/toolchain/arm/bin/../lib/libc.a(sbrkr.o)
 .debug_abbrev  0x000006ee      0x3ba /home/michath/Github/playlego/toolchain/arm/bin/../lib/libc.a(syscalls.o)
 .debug_abbrev  0x00000aa8      0x15f /home/michath/Github/playlego/toolchain/arm/bin/../lib/libc.a(errno.o)
 .debug_abbrev  0x00000c07      0x244 /home/michath/Github/playlego/toolchain/arm/bin/../lib/libc.a(findfp.o)
 .debug_abbrev  0x00000e4b      0x1e8 /home/michath/Github/playlego/toolchain/arm/bin/../lib/libc.a(freer.o)
 .debug_abbrev  0x00001033      0x1ec /home/michath/Github/playlego/toolchain/arm/bin/../lib/libc.a(fwalk.o)
 .debug_abbrev  0x0000121f      0x157 /home/michath/Github/playlego/toolchain/arm/bin/../lib/libc.a(impure.o)
 .debug_abbrev  0x00001376       0xa9 /home/michath/Github/playlego/toolchain/arm/bin/../lib/libc.a(memset.o)
 .debug_abbrev  0x0000141f      0x1e7 /home/michath/Github/playlego/toolchain/arm/bin/../lib/libc.a(reent.o)
 .debug_abbrev  0x00001606      0x19b /home/michath/Github/playlego/toolchain/arm/bin/../lib/libc.a(stdio.o)
 .debug_abbrev  0x000017a1       0x8b /home/michath/Github/playlego/toolchain/arm/bin/../lib/libc.a(strlen.o)
 .debug_abbrev  0x0000182c      0x184 /home/michath/Github/playlego/toolchain/arm/bin/../lib/libc.a(writer.o)
 .debug_abbrev  0x000019b0      0x17f /home/michath/Github/playlego/toolchain/arm/bin/../lib/libc.a(closer.o)
 .debug_abbrev  0x00001b2f      0x18e /home/michath/Github/playlego/toolchain/arm/bin/../lib/libc.a(fclose.o)
 .debug_abbrev  0x00001cbd      0x17f /home/michath/Github/playlego/toolchain/arm/bin/../lib/libc.a(fflush.o)
 .debug_abbrev  0x00001e3c      0x18c /home/michath/Github/playlego/toolchain/arm/bin/../lib/libc.a(lseekr.o)
 .debug_abbrev  0x00001fc8      0x17f /home/michath/Github/playlego/toolchain/arm/bin/../lib/libc.a(readr.o)

.debug_line     0x00000000     0x20c2
 *(.debug_line)
 .debug_line    0x00000000       0xcb Cstartup.o
 .debug_line    0x000000cb       0x92 /home/michath/Github/playlego/toolchain/arm/bin/../lib/libgcc.a(_divsi3.o)
 .debug_line    0x0000015d       0x6f /home/michath/Github/playlego/toolchain/arm/bin/../lib/libgcc.a(_umodsi3.o)
 .debug_line    0x000001cc       0x5a /home/michath/Github/playlego/toolchain/arm/bin/../lib/libgcc.a(_dvmd_tls.o)
 .debug_line    0x00000226      0x13e /home/michath/Github/playlego/toolchain/arm/bin/../lib/libc.a(malloc.o)
 .debug_line    0x00000364      0x26b /home/michath/Github/playlego/toolchain/arm/bin/../lib/libc.a(mallocr.o)
 .debug_line    0x000005cf      0x138 /home/michath/Github/playlego/toolchain/arm/bin/../lib/libc.a(mlock.o)
 .debug_line    0x00000707      0x13b /home/michath/Github/playlego/toolchain/arm/bin/../lib/libc.a(sbrkr.o)
 .debug_line    0x00000842      0x313 /home/michath/Github/playlego/toolchain/arm/bin/../lib/libc.a(syscalls.o)
 .debug_line    0x00000b55      0x135 /home/michath/Github/playlego/toolchain/arm/bin/../lib/libc.a(errno.o)
 .debug_line    0x00000c8a      0x225 /home/michath/Github/playlego/toolchain/arm/bin/../lib/libc.a(findfp.o)
 .debug_line    0x00000eaf      0x1e0 /home/michath/Github/playlego/toolchain/arm/bin/../lib/libc.a(freer.o)
 .debug_line    0x0000108f      0x1b7 /home/michath/Github/playlego/toolchain/arm/bin/../lib/libc.a(fwalk.o)
 .debug_line    0x00001246      0x126 /home/michath/Github/playlego/toolchain/arm/bin/../lib/libc.a(impure.o)
 .debug_line    0x0000136c       0xf1 /home/michath/Github/playlego/toolchain/arm/bin/../lib/libc.a(memset.o)
 .debug_line    0x0000145d      0x167 /home/michath/Github/playlego/toolchain/arm/bin/../lib/libc.a(reent.o)
 .debug_line    0x000015c4      0x1d0 /home/michath/Github/playlego/toolchain/arm/bin/../lib/libc.a(stdio.o)
 .debug_line    0x00001794       0xcd /home/michath/Github/playlego/toolchain/arm/bin/../lib/libc.a(strlen.o)
 .debug_line    0x00001861      0x13c /home/michath/Github/playlego/toolchain/arm/bin/../lib/libc.a(writer.o)
 .debug_line    0x0000199d      0x13c /home/michath/Github/playlego/toolchain/arm/bin/../lib/libc.a(closer.o)
 .debug_line    0x00001ad9      0x1b4 /home/michath/Github/playlego/toolchain/arm/bin/../lib/libc.a(fclose.o)
 .debug_line    0x00001c8d      0x1be /home/michath/Github/playlego/toolchain/arm/bin/../lib/libc.a(fflush.o)
 .debug_line    0x00001e4b      0x13c /home/michath/Github/playlego/toolchain/arm/bin/../lib/libc.a(lseekr.o)
 .debug_line    0x00001f87      0x13b /home/michath/Github/playlego/toolchain/arm/bin/../lib/libc.a(readr.o)

.debug_frame    0x00000000      0x7c8
 *(.debug_frame)
 .debug_frame   0x00000000       0x30 /home/michath/Github/playlego/toolchain/arm/bin/../lib/libc.a(malloc.o)
 .debug_frame   0x00000030       0x38 /home/michath/Github/playlego/toolchain/arm/bin/../lib/libc.a(mallocr.o)
 .debug_frame   0x00000068       0x30 /home/michath/Github/playlego/toolchain/arm/bin/../lib/libc.a(mlock.o)
 .debug_frame   0x00000098       0x2c /home/michath/Github/playlego/toolchain/arm/bin/../lib/libc.a(sbrkr.o)
 .debug_frame   0x000000c4      0x2f4 /home/michath/Github/playlego/toolchain/arm/bin/../lib/libc.a(syscalls.o)
 .debug_frame   0x000003b8       0x20 /home/michath/Github/playlego/toolchain/arm/bin/../lib/libc.a(errno.o)
 .debug_frame   0x000003d8      0x114 /home/michath/Github/playlego/toolchain/arm/bin/../lib/libc.a(findfp.o)
 .debug_frame   0x000004ec       0x54 /home/michath/Github/playlego/toolchain/arm/bin/../lib/libc.a(freer.o)
 .debug_frame   0x00000540       0x58 /home/michath/Github/playlego/toolchain/arm/bin/../lib/libc.a(fwalk.o)
 .debug_frame   0x00000598       0x20 /home/michath/Github/playlego/toolchain/arm/bin/../lib/libc.a(memset.o)
 .debug_frame   0x000005b8       0x68 /home/michath/Github/playlego/toolchain/arm/bin/../lib/libc.a(reent.o)
 .debug_frame   0x00000620       0x70 /home/michath/Github/playlego/toolchain/arm/bin/../lib/libc.a(stdio.o)
 .debug_frame   0x00000690       0x20 /home/michath/Github/playlego/toolchain/arm/bin/../lib/libc.a(strlen.o)
 .debug_frame   0x000006b0       0x2c /home/michath/Github/playlego/toolchain/arm/bin/../lib/libc.a(writer.o)
 .debug_frame   0x000006dc       0x2c /home/michath/Github/playlego/toolchain/arm/bin/../lib/libc.a(closer.o)
 .debug_frame   0x00000708       0x3c /home/michath/Github/playlego/toolchain/arm/bin/../lib/libc.a(fclose.o)
 .debug_frame   0x00000744       0x2c /home/michath/Github/playlego/toolchain/arm/bin/../lib/libc.a(fflush.o)
 .debug_frame   0x00000770       0x2c /home/michath/Github/playlego/toolchain/arm/bin/../lib/libc.a(lseekr.o)
 .debug_frame   0x0000079c       0x2c /home/michath/Github/playlego/toolchain/arm/bin/../lib/libc.a(readr.o)

.debug_str      0x00000000     0x10d3
 *(.debug_str)
 .debug_str     0x00000000      0x43f /home/michath/Github/playlego/toolchain/arm/bin/../lib/libc.a(malloc.o)
                                0x4d8 (size before relaxing)
 .debug_str     0x0000043f      0x206 /home/michath/Github/playlego/toolchain/arm/bin/../lib/libc.a(mallocr.o)
                                0x6b9 (size before relaxing)
 .debug_str     0x00000645       0x6b /home/michath/Github/playlego/toolchain/arm/bin/../lib/libc.a(mlock.o)
                                0x4df (size before relaxing)
 .debug_str     0x000006b0       0xa3 /home/michath/Github/playlego/toolchain/arm/bin/../lib/libc.a(sbrkr.o)
                                0x4d3 (size before relaxing)
 .debug_str     0x00000753      0x348 /home/michath/Github/playlego/toolchain/arm/bin/../lib/libc.a(syscalls.o)
                                0x7c6 (size before relaxing)
 .debug_str     0x00000a9b       0x94 /home/michath/Github/playlego/toolchain/arm/bin/../lib/libc.a(errno.o)
                                0x4be (size before relaxing)
 .debug_str     0x00000b2f      0x168 /home/michath/Github/playlego/toolchain/arm/bin/../lib/libc.a(findfp.o)
                                0x5bc (size before relaxing)
 .debug_str     0x00000c97       0x3c /home/michath/Github/playlego/toolchain/arm/bin/../lib/libc.a(freer.o)
                                0x60b (size before relaxing)
 .debug_str     0x00000cd3       0x5c /home/michath/Github/playlego/toolchain/arm/bin/../lib/libc.a(fwalk.o)
                                0x4fd (size before relaxing)
 .debug_str     0x00000d2f       0x44 /home/michath/Github/playlego/toolchain/arm/bin/../lib/libc.a(impure.o)
                                0x4d6 (size before relaxing)
 .debug_str     0x00000d73       0xaa /home/michath/Github/playlego/toolchain/arm/bin/../lib/libc.a(memset.o)
                                0x13a (size before relaxing)
 .debug_str     0x00000e1d       0x71 /home/michath/Github/playlego/toolchain/arm/bin/../lib/libc.a(reent.o)
                                0x4fb (size before relaxing)
 .debug_str     0x00000e8e       0x67 /home/michath/Github/playlego/toolchain/arm/bin/../lib/libc.a(stdio.o)
                                0x505 (size before relaxing)
 .debug_str     0x00000ef5       0x46 /home/michath/Github/playlego/toolchain/arm/bin/../lib/libc.a(strlen.o)
                                0x139 (size before relaxing)
 .debug_str     0x00000f3b       0x4a /home/michath/Github/playlego/toolchain/arm/bin/../lib/libc.a(writer.o)
                                0x4d6 (size before relaxing)
 .debug_str     0x00000f85       0x41 /home/michath/Github/playlego/toolchain/arm/bin/../lib/libc.a(closer.o)
                                0x4c6 (size before relaxing)
 .debug_str     0x00000fc6       0x4e /home/michath/Github/playlego/toolchain/arm/bin/../lib/libc.a(fclose.o)
                                0x4de (size before relaxing)
 .debug_str     0x00001014       0x3f /home/michath/Github/playlego/toolchain/arm/bin/../lib/libc.a(fflush.o)
                                0x4e2 (size before relaxing)
 .debug_str     0x00001053       0x41 /home/michath/Github/playlego/toolchain/arm/bin/../lib/libc.a(lseekr.o)
                                0x4d4 (size before relaxing)
 .debug_str     0x00001094       0x3f /home/michath/Github/playlego/toolchain/arm/bin/../lib/libc.a(readr.o)
                                0x4d4 (size before relaxing)

.debug_loc      0x00000000     0x1afe
 *(.debug_loc)
 .debug_loc     0x00000000       0x3c /home/michath/Github/playlego/toolchain/arm/bin/../lib/libc.a(malloc.o)
 .debug_loc     0x0000003c      0x803 /home/michath/Github/playlego/toolchain/arm/bin/../lib/libc.a(mallocr.o)
 .debug_loc     0x0000083f       0x44 /home/michath/Github/playlego/toolchain/arm/bin/../lib/libc.a(sbrkr.o)
 .debug_loc     0x00000883      0x675 /home/michath/Github/playlego/toolchain/arm/bin/../lib/libc.a(syscalls.o)
 .debug_loc     0x00000ef8      0x17b /home/michath/Github/playlego/toolchain/arm/bin/../lib/libc.a(findfp.o)
 .debug_loc     0x00001073      0x351 /home/michath/Github/playlego/toolchain/arm/bin/../lib/libc.a(freer.o)
 .debug_loc     0x000013c4       0xeb /home/michath/Github/playlego/toolchain/arm/bin/../lib/libc.a(fwalk.o)
 .debug_loc     0x000014af       0xbf /home/michath/Github/playlego/toolchain/arm/bin/../lib/libc.a(memset.o)
 .debug_loc     0x0000156e      0x114 /home/michath/Github/playlego/toolchain/arm/bin/../lib/libc.a(reent.o)
 .debug_loc     0x00001682      0x147 /home/michath/Github/playlego/toolchain/arm/bin/../lib/libc.a(stdio.o)
 .debug_loc     0x000017c9       0x47 /home/michath/Github/playlego/toolchain/arm/bin/../lib/libc.a(strlen.o)
 .debug_loc     0x00001810       0x8b /home/michath/Github/playlego/toolchain/arm/bin/../lib/libc.a(writer.o)
 .debug_loc     0x0000189b       0x44 /home/michath/Github/playlego/toolchain/arm/bin/../lib/libc.a(closer.o)
 .debug_loc     0x000018df       0x83 /home/michath/Github/playlego/toolchain/arm/bin/../lib/libc.a(fclose.o)
 .debug_loc     0x00001962       0x99 /home/michath/Github/playlego/toolchain/arm/bin/../lib/libc.a(fflush.o)
 .debug_loc     0x000019fb       0x78 /home/michath/Github/playlego/toolchain/arm/bin/../lib/libc.a(lseekr.o)
 .debug_loc     0x00001a73       0x8b /home/michath/Github/playlego/toolchain/arm/bin/../lib/libc.a(readr.o)

.debug_macinfo
 *(.debug_macinfo)

.debug_weaknames
 *(.debug_weaknames)

.debug_funcnames
 *(.debug_funcnames)

.debug_typenames
 *(.debug_typenames)

.debug_varnames
 *(.debug_varnames)
OUTPUT(firmware.elf elf32-littlearm)

.debug_ranges   0x00000000       0x88
 .debug_ranges  0x00000000       0x20 /home/michath/Github/playlego/toolchain/arm/bin/../lib/libc.a(mallocr.o)
 .debug_ranges  0x00000020       0x68 /home/michath/Github/playlego/toolchain/arm/bin/../lib/libc.a(syscalls.o)

Cross Reference Table

Symbol                                            File
AT91F_Default_FIQ_handler                         Cstartup.o
                                                  Cstartup_SAM7.o
AT91F_Default_IRQ_handler                         Cstartup.o
                                                  Cstartup_SAM7.o
AT91F_LowLevelInit                                Cstartup_SAM7.o
                                                  Cstartup.o
AT91F_Spurious_handler                            Cstartup.o
                                                  Cstartup_SAM7.o
DisplayChar                                       display.o
DisplayClrPixel                                   display.o
DisplayErase                                      display.o
                                                  firmware.o
DisplayEraseLine                                  display.o
DisplayExit                                       display.o
DisplayInit                                       display.o
                                                  firmware.o
DisplayInitString                                 display.o
DisplayLineString                                 display.o
DisplayLineX                                      display.o
DisplayLineY                                      display.o
DisplayNum                                        display.o
                                                  firmware.o
DisplayOn                                         display.o
                                                  firmware.o
DisplaySetPixel                                   display.o
DisplayString                                     display.o
                                                  firmware.o
DisplayUpdateAsync                                display.o
DisplayUpdateSync                                 display.o
                                                  firmware.o
DisplayWrite                                      display.o
Font                                              display.o
IRQ_Handler_Entry                                 Cstartup.o
I_BIT                                             Cstartup.o
LED                                               led.o
__FIRST_IN_RAM                                    Cstartup.o
__TOP_STACK                                       Cstartup.o
__aeabi_idiv0                                     /home/michath/Github/playlego/toolchain/arm/bin/../lib/libgcc.a(_dvmd_tls.o)
__aeabi_idivmod                                   /home/michath/Github/playlego/toolchain/arm/bin/../lib/libgcc.a(_divsi3.o)
__aeabi_ldiv0                                     /home/michath/Github/playlego/toolchain/arm/bin/../lib/libgcc.a(_dvmd_tls.o)
__bss_end__                                       Cstartup.o
__bss_start__                                     Cstartup.o
__ctors_end__                                     Cstartup.o
__ctors_start__                                   Cstartup.o
__div0                                            /home/michath/Github/playlego/toolchain/arm/bin/../lib/libgcc.a(_dvmd_tls.o)
                                                  /home/michath/Github/playlego/toolchain/arm/bin/../lib/libgcc.a(_umodsi3.o)
                                                  /home/michath/Github/playlego/toolchain/arm/bin/../lib/libgcc.a(_divsi3.o)
__divsi3                                          /home/michath/Github/playlego/toolchain/arm/bin/../lib/libgcc.a(_divsi3.o)
                                                  display.o
__errno                                           /home/michath/Github/playlego/toolchain/arm/bin/../lib/libc.a(errno.o)
                                                  /home/michath/Github/playlego/toolchain/arm/bin/../lib/libc.a(syscalls.o)
__fp_lock_all                                     /home/michath/Github/playlego/toolchain/arm/bin/../lib/libc.a(findfp.o)
__fp_unlock_all                                   /home/michath/Github/playlego/toolchain/arm/bin/../lib/libc.a(findfp.o)
__malloc_av_                                      /home/michath/Github/playlego/toolchain/arm/bin/../lib/libc.a(mallocr.o)
                                                  /home/michath/Github/playlego/toolchain/arm/bin/../lib/libc.a(freer.o)
__malloc_current_mallinfo                         /home/michath/Github/playlego/toolchain/arm/bin/../lib/libc.a(mallocr.o)
                                                  /home/michath/Github/playlego/toolchain/arm/bin/../lib/libc.a(freer.o)
__malloc_lock                                     /home/michath/Github/playlego/toolchain/arm/bin/../lib/libc.a(mlock.o)
                                                  /home/michath/Github/playlego/toolchain/arm/bin/../lib/libc.a(freer.o)
                                                  /home/michath/Github/playlego/toolchain/arm/bin/../lib/libc.a(mallocr.o)
__malloc_max_sbrked_mem                           /home/michath/Github/playlego/toolchain/arm/bin/../lib/libc.a(mallocr.o)
__malloc_max_total_mem                            /home/michath/Github/playlego/toolchain/arm/bin/../lib/libc.a(mallocr.o)
__malloc_sbrk_base                                /home/michath/Github/playlego/toolchain/arm/bin/../lib/libc.a(mallocr.o)
                                                  /home/michath/Github/playlego/toolchain/arm/bin/../lib/libc.a(freer.o)
__malloc_top_pad                                  /home/michath/Github/playlego/toolchain/arm/bin/../lib/libc.a(mallocr.o)
                                                  /home/michath/Github/playlego/toolchain/arm/bin/../lib/libc.a(freer.o)
__malloc_trim_threshold                           /home/michath/Github/playlego/toolchain/arm/bin/../lib/libc.a(mallocr.o)
                                                  /home/michath/Github/playlego/toolchain/arm/bin/../lib/libc.a(freer.o)
__malloc_unlock                                   /home/michath/Github/playlego/toolchain/arm/bin/../lib/libc.a(mlock.o)
                                                  /home/michath/Github/playlego/toolchain/arm/bin/../lib/libc.a(freer.o)
                                                  /home/michath/Github/playlego/toolchain/arm/bin/../lib/libc.a(mallocr.o)
__sclose                                          /home/michath/Github/playlego/toolchain/arm/bin/../lib/libc.a(stdio.o)
                                                  /home/michath/Github/playlego/toolchain/arm/bin/../lib/libc.a(findfp.o)
__sfmoreglue                                      /home/michath/Github/playlego/toolchain/arm/bin/../lib/libc.a(findfp.o)
__sfp                                             /home/michath/Github/playlego/toolchain/arm/bin/../lib/libc.a(findfp.o)
__sfp_lock_acquire                                /home/michath/Github/playlego/toolchain/arm/bin/../lib/libc.a(findfp.o)
                                                  /home/michath/Github/playlego/toolchain/arm/bin/../lib/libc.a(fclose.o)
                                                  /home/michath/Github/playlego/toolchain/arm/bin/../lib/libc.a(fwalk.o)
__sfp_lock_release                                /home/michath/Github/playlego/toolchain/arm/bin/../lib/libc.a(findfp.o)
                                                  /home/michath/Github/playlego/toolchain/arm/bin/../lib/libc.a(fclose.o)
                                                  /home/michath/Github/playlego/toolchain/arm/bin/../lib/libc.a(fwalk.o)
__sinit                                           /home/michath/Github/playlego/toolchain/arm/bin/../lib/libc.a(findfp.o)
                                                  /home/michath/Github/playlego/toolchain/arm/bin/../lib/libc.a(fflush.o)
                                                  /home/michath/Github/playlego/toolchain/arm/bin/../lib/libc.a(fclose.o)
                                                  /home/michath/Github/playlego/toolchain/arm/bin/../lib/libc.a(syscalls.o)
__sinit_lock_acquire                              /home/michath/Github/playlego/toolchain/arm/bin/../lib/libc.a(findfp.o)
__sinit_lock_release                              /home/michath/Github/playlego/toolchain/arm/bin/../lib/libc.a(findfp.o)
__sread                                           /home/michath/Github/playlego/toolchain/arm/bin/../lib/libc.a(stdio.o)
                                                  /home/michath/Github/playlego/toolchain/arm/bin/../lib/libc.a(findfp.o)
__sseek                                           /home/michath/Github/playlego/toolchain/arm/bin/../lib/libc.a(stdio.o)
                                                  /home/michath/Github/playlego/toolchain/arm/bin/../lib/libc.a(findfp.o)
__swrite                                          /home/michath/Github/playlego/toolchain/arm/bin/../lib/libc.a(stdio.o)
                                                  /home/michath/Github/playlego/toolchain/arm/bin/../lib/libc.a(findfp.o)
__umodsi3                                         /home/michath/Github/playlego/toolchain/arm/bin/../lib/libgcc.a(_umodsi3.o)
                                                  display.o
_cleanup                                          /home/michath/Github/playlego/toolchain/arm/bin/../lib/libc.a(findfp.o)
_cleanup_r                                        /home/michath/Github/playlego/toolchain/arm/bin/../lib/libc.a(findfp.o)
_close                                            /home/michath/Github/playlego/toolchain/arm/bin/../lib/libc.a(syscalls.o)
                                                  /home/michath/Github/playlego/toolchain/arm/bin/../lib/libc.a(closer.o)
_close_r                                          /home/michath/Github/playlego/toolchain/arm/bin/../lib/libc.a(closer.o)
                                                  /home/michath/Github/playlego/toolchain/arm/bin/../lib/libc.a(stdio.o)
_data                                             Cstartup.o
_edata                                            Cstartup.o
_etext                                            Cstartup.o
_exit                                             /home/michath/Github/playlego/toolchain/arm/bin/../lib/libc.a(syscalls.o)
_fclose_r                                         /home/michath/Github/playlego/toolchain/arm/bin/../lib/libc.a(fclose.o)
_free_r                                           /home/michath/Github/playlego/toolchain/arm/bin/../lib/libc.a(freer.o)
                                                  /home/michath/Github/playlego/toolchain/arm/bin/../lib/libc.a(fclose.o)
                                                  /home/michath/Github/playlego/toolchain/arm/bin/../lib/libc.a(reent.o)
                                                  /home/michath/Github/playlego/toolchain/arm/bin/../lib/libc.a(mallocr.o)
                                                  /home/michath/Github/playlego/toolchain/arm/bin/../lib/libc.a(malloc.o)
_fstat                                            /home/michath/Github/playlego/toolchain/arm/bin/../lib/libc.a(syscalls.o)
_fwalk                                            /home/michath/Github/playlego/toolchain/arm/bin/../lib/libc.a(fwalk.o)
                                                  /home/michath/Github/playlego/toolchain/arm/bin/../lib/libc.a(fflush.o)
                                                  /home/michath/Github/playlego/toolchain/arm/bin/../lib/libc.a(findfp.o)
_fwalk_reent                                      /home/michath/Github/playlego/toolchain/arm/bin/../lib/libc.a(fwalk.o)
_getpid                                           /home/michath/Github/playlego/toolchain/arm/bin/../lib/libc.a(syscalls.o)
_gettimeofday                                     /home/michath/Github/playlego/toolchain/arm/bin/../lib/libc.a(syscalls.o)
_global_impure_ptr                                /home/michath/Github/playlego/toolchain/arm/bin/../lib/libc.a(impure.o)
                                                  /home/michath/Github/playlego/toolchain/arm/bin/../lib/libc.a(fflush.o)
                                                  /home/michath/Github/playlego/toolchain/arm/bin/../lib/libc.a(findfp.o)
_impure_ptr                                       /home/michath/Github/playlego/toolchain/arm/bin/../lib/libc.a(impure.o)
                                                  /home/michath/Github/playlego/toolchain/arm/bin/../lib/libc.a(fflush.o)
                                                  /home/michath/Github/playlego/toolchain/arm/bin/../lib/libc.a(fclose.o)
                                                  /home/michath/Github/playlego/toolchain/arm/bin/../lib/libc.a(stdio.o)
                                                  /home/michath/Github/playlego/toolchain/arm/bin/../lib/libc.a(reent.o)
                                                  /home/michath/Github/playlego/toolchain/arm/bin/../lib/libc.a(findfp.o)
                                                  /home/michath/Github/playlego/toolchain/arm/bin/../lib/libc.a(errno.o)
                                                  /home/michath/Github/playlego/toolchain/arm/bin/../lib/libc.a(syscalls.o)
                                                  /home/michath/Github/playlego/toolchain/arm/bin/../lib/libc.a(malloc.o)
_kill                                             /home/michath/Github/playlego/toolchain/arm/bin/../lib/libc.a(syscalls.o)
_link                                             /home/michath/Github/playlego/toolchain/arm/bin/../lib/libc.a(syscalls.o)
_lseek                                            /home/michath/Github/playlego/toolchain/arm/bin/../lib/libc.a(syscalls.o)
                                                  /home/michath/Github/playlego/toolchain/arm/bin/../lib/libc.a(lseekr.o)
_lseek_r                                          /home/michath/Github/playlego/toolchain/arm/bin/../lib/libc.a(lseekr.o)
                                                  /home/michath/Github/playlego/toolchain/arm/bin/../lib/libc.a(stdio.o)
_malloc_r                                         /home/michath/Github/playlego/toolchain/arm/bin/../lib/libc.a(mallocr.o)
                                                  /home/michath/Github/playlego/toolchain/arm/bin/../lib/libc.a(findfp.o)
                                                  /home/michath/Github/playlego/toolchain/arm/bin/../lib/libc.a(malloc.o)
_malloc_trim_r                                    /home/michath/Github/playlego/toolchain/arm/bin/../lib/libc.a(freer.o)
_open                                             /home/michath/Github/playlego/toolchain/arm/bin/../lib/libc.a(syscalls.o)
_raise                                            /home/michath/Github/playlego/toolchain/arm/bin/../lib/libc.a(syscalls.o)
_read                                             /home/michath/Github/playlego/toolchain/arm/bin/../lib/libc.a(syscalls.o)
                                                  /home/michath/Github/playlego/toolchain/arm/bin/../lib/libc.a(readr.o)
_read_r                                           /home/michath/Github/playlego/toolchain/arm/bin/../lib/libc.a(readr.o)
                                                  /home/michath/Github/playlego/toolchain/arm/bin/../lib/libc.a(stdio.o)
_reclaim_reent                                    /home/michath/Github/playlego/toolchain/arm/bin/../lib/libc.a(reent.o)
_rename                                           /home/michath/Github/playlego/toolchain/arm/bin/../lib/libc.a(syscalls.o)
_sbrk                                             /home/michath/Github/playlego/toolchain/arm/bin/../lib/libc.a(syscalls.o)
                                                  /home/michath/Github/playlego/toolchain/arm/bin/../lib/libc.a(sbrkr.o)
_sbrk_r                                           /home/michath/Github/playlego/toolchain/arm/bin/../lib/libc.a(sbrkr.o)
                                                  /home/michath/Github/playlego/toolchain/arm/bin/../lib/libc.a(freer.o)
                                                  /home/michath/Github/playlego/toolchain/arm/bin/../lib/libc.a(mallocr.o)
_startup                                          Cstartup.o
_stat                                             /home/michath/Github/playlego/toolchain/arm/bin/../lib/libc.a(syscalls.o)
_swiclose                                         /home/michath/Github/playlego/toolchain/arm/bin/../lib/libc.a(syscalls.o)
_swilseek                                         /home/michath/Github/playlego/toolchain/arm/bin/../lib/libc.a(syscalls.o)
_swiopen                                          /home/michath/Github/playlego/toolchain/arm/bin/../lib/libc.a(syscalls.o)
_swiread                                          /home/michath/Github/playlego/toolchain/arm/bin/../lib/libc.a(syscalls.o)
_swiwrite                                         /home/michath/Github/playlego/toolchain/arm/bin/../lib/libc.a(syscalls.o)
_system                                           /home/michath/Github/playlego/toolchain/arm/bin/../lib/libc.a(syscalls.o)
_times                                            /home/michath/Github/playlego/toolchain/arm/bin/../lib/libc.a(syscalls.o)
_unlink                                           /home/michath/Github/playlego/toolchain/arm/bin/../lib/libc.a(syscalls.o)
_wrapup_reent                                     /home/michath/Github/playlego/toolchain/arm/bin/../lib/libc.a(reent.o)
_write                                            /home/michath/Github/playlego/toolchain/arm/bin/../lib/libc.a(syscalls.o)
                                                  /home/michath/Github/playlego/toolchain/arm/bin/../lib/libc.a(writer.o)
_write_r                                          /home/michath/Github/playlego/toolchain/arm/bin/../lib/libc.a(writer.o)
                                                  /home/michath/Github/playlego/toolchain/arm/bin/../lib/libc.a(stdio.o)
cleanup_glue                                      /home/michath/Github/playlego/toolchain/arm/bin/../lib/libc.a(reent.o)
emulate_time                                      firmware.o
end                                               /home/michath/Github/playlego/toolchain/arm/bin/../lib/libc.a(syscalls.o)
errno                                             /home/michath/Github/playlego/toolchain/arm/bin/../lib/libc.a(readr.o)
                                                  /home/michath/Github/playlego/toolchain/arm/bin/../lib/libc.a(lseekr.o)
                                                  /home/michath/Github/playlego/toolchain/arm/bin/../lib/libc.a(closer.o)
                                                  /home/michath/Github/playlego/toolchain/arm/bin/../lib/libc.a(writer.o)
                                                  /home/michath/Github/playlego/toolchain/arm/bin/../lib/libc.a(reent.o)
                                                  /home/michath/Github/playlego/toolchain/arm/bin/../lib/libc.a(sbrkr.o)
exit                                              Cstartup.o
fclose                                            /home/michath/Github/playlego/toolchain/arm/bin/../lib/libc.a(fclose.o)
                                                  /home/michath/Github/playlego/toolchain/arm/bin/../lib/libc.a(findfp.o)
fflush                                            /home/michath/Github/playlego/toolchain/arm/bin/../lib/libc.a(fflush.o)
                                                  /home/michath/Github/playlego/toolchain/arm/bin/../lib/libc.a(fclose.o)
free                                              /home/michath/Github/playlego/toolchain/arm/bin/../lib/libc.a(malloc.o)
                                                  firmware.o
hello_world                                       firmware.o
initialise_monitor_handles                        /home/michath/Github/playlego/toolchain/arm/bin/../lib/libc.a(syscalls.o)
isatty                                            /home/michath/Github/playlego/toolchain/arm/bin/../lib/libc.a(syscalls.o)
main                                              firmware.o
                                                  Cstartup.o
malloc                                            /home/michath/Github/playlego/toolchain/arm/bin/../lib/libc.a(malloc.o)
                                                  firmware.o
memset                                            /home/michath/Github/playlego/toolchain/arm/bin/../lib/libc.a(memset.o)
                                                  /home/michath/Github/playlego/toolchain/arm/bin/../lib/libc.a(findfp.o)
                                                  /home/michath/Github/playlego/toolchain/arm/bin/../lib/libc.a(syscalls.o)
strlen                                            /home/michath/Github/playlego/toolchain/arm/bin/../lib/libc.a(strlen.o)
                                                  /home/michath/Github/playlego/toolchain/arm/bin/../lib/libc.a(syscalls.o)
